// Jest Snapshot v1, https://goo.gl/fbAQLP

exports[`ReactVimeoOembed should render 1`] = `
ShallowWrapper {
  "length": 1,
  Symbol(enzyme.__root__): [Circular],
  Symbol(enzyme.__unrendered__): <ReactVimeoOembed
    LoadingComponent={[Function]}
    className=""
    errorCallback={[Function]}
    options={
      Object {
        "api": false,
        "autopause": true,
        "autoplay": false,
        "byline": true,
        "color": "",
        "loop": false,
        "player_id": "",
        "portrait": true,
        "title": true,
        "xhtml": false,
      }
    }
    scriptLoadCallback={[Function]}
    style={Object {}}
    videoId=""
  />,
  Symbol(enzyme.__renderer__): Object {
    "batchedUpdates": [Function],
    "getNode": [Function],
    "render": [Function],
    "simulateEvent": [Function],
    "unmount": [Function],
  },
  Symbol(enzyme.__node__): Object {
    "instance": null,
    "key": undefined,
    "nodeType": "function",
    "props": Object {},
    "ref": null,
    "rendered": null,
    "type": [Function],
  },
  Symbol(enzyme.__nodes__): Array [
    Object {
      "instance": null,
      "key": undefined,
      "nodeType": "function",
      "props": Object {},
      "ref": null,
      "rendered": null,
      "type": [Function],
    },
  ],
  Symbol(enzyme.__options__): Object {
    "adapter": ReactSixteenAdapter {
      "options": Object {
        "enableComponentDidUpdateOnSetState": true,
      },
    },
  },
}
`;
